Archive member included because of file (symbol)

/usr/lib/gcc/avr/4.3.4/libgcc.a(_copy_data.o)
                              androidAlertAgent.o (__do_copy_data)
/usr/lib/gcc/avr/4.3.4/libgcc.a(_clear_bss.o)
                              androidAlertAgent.o (__do_clear_bss)

Memory Configuration

Name             Origin             Length             Attributes
text             0x00000000         0x00010000         xr
libc             0x0001ff00         0x00000100         xr
data             0x00800060         0x0000ffa0         rw !x
eeprom           0x00810000         0x00001000         rw !x
*default*        0x00000000         0xffffffff

Linker script and memory map

LOAD gpi.map
                0x00010200                pongiAlertByDisplayingText = 0x10200
                0x00010024                pongiPoDbgString = 0x10024
                0x00010000                pongiPoEnableEvent = 0x10000
                0x00010012                pongiPoSetTimer = 0x10012

.hash
 *(.hash)

.dynsym
 *(.dynsym)

.dynstr
 *(.dynstr)

.gnu.version
 *(.gnu.version)

.gnu.version_d
 *(.gnu.version_d)

.gnu.version_r
 *(.gnu.version_r)

.rel.init
 *(.rel.init)

.rela.init
 *(.rela.init)

.rel.text
 *(.rel.text)
 *(.rel.text.*)
 *(.rel.gnu.linkonce.t*)

.rela.text
 *(.rela.text)
 *(.rela.text.*)
 *(.rela.gnu.linkonce.t*)

.rel.fini
 *(.rel.fini)

.rela.fini
 *(.rela.fini)

.rel.rodata
 *(.rel.rodata)
 *(.rel.rodata.*)
 *(.rel.gnu.linkonce.r*)

.rela.rodata
 *(.rela.rodata)
 *(.rela.rodata.*)
 *(.rela.gnu.linkonce.r*)

.rel.data
 *(.rel.data)
 *(.rel.data.*)
 *(.rel.gnu.linkonce.d*)

.rela.data
 *(.rela.data)
 *(.rela.data.*)
 *(.rela.gnu.linkonce.d*)

.rel.ctors
 *(.rel.ctors)

.rela.ctors
 *(.rela.ctors)

.rel.dtors
 *(.rel.dtors)

.rela.dtors
 *(.rela.dtors)

.rel.got
 *(.rel.got)

.rela.got
 *(.rela.got)

.rel.bss
 *(.rel.bss)

.rela.bss
 *(.rela.bss)

.rel.plt
 *(.rel.plt)

.rela.plt
 *(.rela.plt)

.libc           0x0001ff00       0x28
                0x0001ff00                __vectors_start = .
 *(.vectors)
                0x0001ff00                __vectors_end = .
                0x0001ff00                __init_start = .
 *(.init0)
 *(.init1)
 *(.init2)
 *(.init3)
 *(.init4)
 .init4         0x0001ff00       0x18 /usr/lib/gcc/avr/4.3.4/libgcc.a(_copy_data.o)
                0x0001ff00                __do_copy_data
 .init4         0x0001ff18       0x10 /usr/lib/gcc/avr/4.3.4/libgcc.a(_clear_bss.o)
                0x0001ff18                __do_clear_bss
 *(.init5)
 *(.init6)
 *(.init7)
 *(.init8)
 *(.init9)
                0x0001ff28                __init_end = .
                0x0001ff28                __ctors_start = .
 *(.ctors)
                0x0001ff28                __ctors_end = .
                0x0001ff28                __dtors_start = .
 *(.dtors)
                0x0001ff28                __dtors_end = .
                0x0001ff28                __fini_start = .
 *(.fini9)
 *(.fini8)
 *(.fini7)
 *(.fini6)
 *(.fini5)
 *(.fini4)
 *(.fini3)
 *(.fini2)
 *(.fini1)
 *(.fini0)
                0x0001ff28                __fini_end = .

.text           0x00000000       0x54
                0x00000000                PROVIDE (__text_start, .)
                0x00000000                __events_start = .
 *(.events.PoInitEvent)
 .events.PoInitEvent
                0x00000000       0x2e androidAlertAgent.o
                0x00000000                EVENT_PoInitEvent
 *(.events.*)
 .events.PoTimeoutEvent
                0x0000002e       0x26 androidAlertAgent.o
                0x0000002e                EVENT_PoTimeoutEvent
 *(.events)
                0x00000054                __events_end = .
 *(.progmem.gcc*)
 *(.progmem*)
                0x00000054                . = ALIGN (0x2)
 *(.text)
 .text          0x00000054        0x0 androidAlertAgent.o
 .text          0x00000054        0x0 /usr/lib/gcc/avr/4.3.4/libgcc.a(_copy_data.o)
 .text          0x00000054        0x0 /usr/lib/gcc/avr/4.3.4/libgcc.a(_clear_bss.o)
                0x00000054                . = ALIGN (0x2)
 *(.text.*)
 .text.libgcc   0x00000054        0x0 /usr/lib/gcc/avr/4.3.4/libgcc.a(_copy_data.o)
 .text.libgcc   0x00000054        0x0 /usr/lib/gcc/avr/4.3.4/libgcc.a(_clear_bss.o)
                0x00000054                . = ALIGN (0x2)
                0x00000054                _etext = .

.trampolines    0x00000054        0x0
 .trampolines   0x00000054        0x0 linker stubs

.data           0x00800060       0x68 load address 0x00000054
                0x00800060                PROVIDE (__data_start, .)
 *(.data)
 .data          0x00800060       0x68 androidAlertAgent.o
 .data          0x008000c8        0x0 /usr/lib/gcc/avr/4.3.4/libgcc.a(_copy_data.o)
 .data          0x008000c8        0x0 /usr/lib/gcc/avr/4.3.4/libgcc.a(_clear_bss.o)
 *(.gnu.linkonce.d*)
                0x008000c8                . = ALIGN (0x2)
                0x008000c8                _edata = .
                0x008000c8                PROVIDE (__bss_start, .)
 *(.bss)
 .bss           0x008000c8        0x0 androidAlertAgent.o
 .bss           0x008000c8        0x0 /usr/lib/gcc/avr/4.3.4/libgcc.a(_copy_data.o)
 .bss           0x008000c8        0x0 /usr/lib/gcc/avr/4.3.4/libgcc.a(_clear_bss.o)
 *(COMMON)
                0x008000c8                PROVIDE (__bss_end, .)
                0x008000c8                PROVIDE (__data_end, .)
                0x00000054                __data_load_start = LOADADDR (.data)
                0x000000bc                __data_load_end = (__data_load_start + SIZEOF (.data))

.noinit         0x008000c8        0x0
                0x008000c8                PROVIDE (__noinit_start, .)
 *(.noinit*)
                0x008000c8                PROVIDE (__noinit_end, .)
                0x008000c8                _end = .
                0x008000c8                PROVIDE (__heap_start, .)

.eeprom         0x00810000        0x0 load address 0x000000bc
 *(.eeprom*)
                0x00810000                __eeprom_end = .

.stab
 *(.stab)

.stabstr
 *(.stabstr)

.stab.excl
 *(.stab.excl)

.stab.exclstr
 *(.stab.exclstr)

.stab.index
 *(.stab.index)

.stab.indexstr
 *(.stab.indexstr)

.comment
 *(.comment)

.debug
 *(.debug)

.line
 *(.line)

.debug_srcinfo
 *(.debug_srcinfo)

.debug_sfnames
 *(.debug_sfnames)

.debug_aranges
 *(.debug_aranges)

.debug_pubnames
 *(.debug_pubnames)

.debug_info
 *(.debug_info)
 *(.gnu.linkonce.wi.*)

.debug_abbrev
 *(.debug_abbrev)

.debug_line
 *(.debug_line)

.debug_frame
 *(.debug_frame)

.debug_str
 *(.debug_str)

.debug_loc
 *(.debug_loc)

.debug_macinfo
 *(.debug_macinfo)
LOAD gpi.map
                0x00010200                pongiAlertByDisplayingText = 0x10200
                0x00010024                pongiPoDbgString = 0x10024
                0x00010000                pongiPoEnableEvent = 0x10000
                0x00010012                pongiPoSetTimer = 0x10012
LOAD androidAlertAgent.o
LOAD /usr/lib/gcc/avr/4.3.4/libgcc.a
LOAD /usr/lib/gcc/avr/4.3.4/../../../avr/lib/libc.a
LOAD /usr/lib/gcc/avr/4.3.4/libgcc.a
OUTPUT(androidAlertAgent.elf elf32-avr)
LOAD linker stubs
